

2025-12-19 22:19:16 - Page Loaded
User ID: 1
Request Method: GET
POST Data: Array
(
)

Total announcements found: 1


2025-12-19 22:26:12 - Page Loaded
User ID: 1
Request Method: GET
POST Data: Array
(
)

Total announcements found: 6


2025-12-19 22:41:34 - Page Loaded
User ID: 1
Request Method: GET
POST Data: Array
(
)

Total announcements found: 6


2025-12-19 22:41:41 - Page Loaded
User ID: 1
Request Method: GET
POST Data: Array
(
)

Total announcements found: 6


2025-12-19 22:41:45 - Page Loaded
User ID: 1
Request Method: GET
POST Data: Array
(
)

Total announcements found: 6


2025-12-19 22:41:51 - Page Loaded
User ID: 1
Request Method: GET
POST Data: Array
(
)

DELETE ANNOUNCEMENT TRIGGERED


2025-12-19 22:41:51 - Page Loaded
User ID: 1
Request Method: GET
POST Data: Array
(
)

Total announcements found: 5


2025-12-20 13:35:03 - Page Loaded
User ID: 1
Request Method: GET
POST Data: Array
(
)

Total announcements found: 5


2025-12-20 14:08:45 - Page Loaded
User ID: 1
Request Method: GET
POST Data: Array
(
)

Total announcements found: 5


2025-12-20 14:11:26 - Page Loaded
User ID: 1
Request Method: GET
POST Data: Array
(
)

Total announcements found: 5


2025-12-20 14:12:55 - Page Loaded
User ID: 1
Request Method: POST
POST Data: Array
(
    [title] => Dompet hilang arah
    [content] => Si dompet sedang mencari tuannya
    [type] => info
    [priority] => high
    [publish_date] => 2025-12-20T14:11
    [expire_date] => 2025-12-31T14:12
    [is_published] => 1
)


=== CREATE ANNOUNCEMENT TRIGGERED ===
Title: Dompet hilang arah
Content: Si dompet sedang mencari tuannya
Image uploaded: uploads/announcements/announcement_1766214775_69464c77ab601.png
SQL Prepared
Parameters bound
Execute result: TRUE
Last Insert ID: 12
SUCCESS - Announcement ID: 12


2025-12-20 14:12:55 - Page Loaded
User ID: 1
Request Method: GET
POST Data: Array
(
)

Total announcements found: 6


2025-12-20 19:04:39 - Page Loaded
User ID: 1
Request Method: GET
POST Data: Array
(
)

Total announcements found: 6


2025-12-20 19:05:19 - Page Loaded
User ID: 1
Request Method: POST
POST Data: Array
(
    [title] => Kehilangan mouse
    [content] => telah ditemukan sebuah mouse yang berada di gedung B
    [type] => info
    [priority] => normal
    [publish_date] => 2025-12-20T19:04
    [expire_date] => 2025-12-31T19:05
    [is_published] => 1
)


=== CREATE ANNOUNCEMENT TRIGGERED ===
Title: Kehilangan mouse
Content: telah ditemukan sebuah mouse yang berada di gedung B
Image uploaded: uploads/announcements/announcement_1766232319_694690ff65652.png
SQL Prepared
Parameters bound
Execute result: TRUE
Last Insert ID: 13
SUCCESS - Announcement ID: 13


2025-12-20 19:05:19 - Page Loaded
User ID: 1
Request Method: GET
POST Data: Array
(
)

Total announcements found: 7


2025-12-20 20:27:19 - Page Loaded
User ID: 1
Request Method: GET
POST Data: Array
(
)

Total announcements found: 7


2025-12-20 20:28:23 - Page Loaded
User ID: 1
Request Method: GET
POST Data: Array
(
)

Total announcements found: 7


2025-12-20 20:32:09 - Page Loaded
User ID: 1
Request Method: GET
POST Data: Array
(
)

Total announcements found: 7


2025-12-20 20:32:46 - Page Loaded
User ID: 1
Request Method: POST
POST Data: Array
(
    [title] => wwww
    [content] => test
    [type] => general
    [priority] => normal
    [publish_date] => 2025-12-20T20:32
    [expire_date] => 2025-12-21T20:32
    [is_published] => 1
)


=== CREATE ANNOUNCEMENT TRIGGERED ===
Title: wwww
Content: test
Image uploaded: uploads/announcements/announcement_1766237566_6946a57e9a9c5.jpg
SQL Prepared
Parameters bound
Execute result: TRUE
Last Insert ID: 14
SUCCESS - Announcement ID: 14


2025-12-20 20:32:46 - Page Loaded
User ID: 1
Request Method: GET
POST Data: Array
(
)

Total announcements found: 8


2025-12-20 20:35:03 - Page Loaded
User ID: 1
Request Method: GET
POST Data: Array
(
)

Total announcements found: 8


2025-12-20 20:47:04 - Page Loaded
User ID: 1
Request Method: GET
POST Data: Array
(
)

Total announcements found: 8


2025-12-20 20:47:07 - Page Loaded
User ID: 1
Request Method: GET
POST Data: Array
(
)

Total announcements found: 0


2025-12-20 20:47:09 - Page Loaded
User ID: 1
Request Method: GET
POST Data: Array
(
)

Total announcements found: 8


2025-12-20 20:47:38 - Page Loaded
User ID: 1
Request Method: GET
POST Data: Array
(
)

SOFT DELETE ANNOUNCEMENT TRIGGERED
SUCCESS - Soft deleted announcement ID: 13


2025-12-20 20:47:38 - Page Loaded
User ID: 1
Request Method: GET
POST Data: Array
(
)

Total announcements found: 7


2025-12-20 20:47:41 - Page Loaded
User ID: 1
Request Method: GET
POST Data: Array
(
)

Total announcements found: 7


2025-12-20 20:47:42 - Page Loaded
User ID: 1
Request Method: GET
POST Data: Array
(
)

Total announcements found: 1


2025-12-20 21:20:24 - Page Loaded
User ID: 1
Request Method: GET
POST Data: Array
(
)

Total announcements found: 7


2025-12-20 21:20:49 - Page Loaded
User ID: 1
Request Method: GET
POST Data: Array
(
)

Total announcements found: 7


2025-12-21 14:19:06 - Page Loaded
User ID: 1
Request Method: GET
POST Data: Array
(
)

Total announcements found: 7


2025-12-21 14:54:55 - Page Loaded
User ID: 1
Request Method: GET
POST Data: Array
(
)

Total announcements found: 7


2025-12-21 15:37:35 - Page Loaded
User ID: 1
Request Method: GET
POST Data: Array
(
)

Total announcements found: 7


2025-12-21 15:40:22 - Page Loaded
User ID: 1
Request Method: GET
POST Data: Array
(
)

Total announcements found: 7


2025-12-21 18:36:59 - Page Loaded
User ID: 1
Request Method: GET
POST Data: Array
(
)

Total announcements found: 7


2026-01-03 13:40:39 - Page Loaded
User ID: 1
Request Method: GET
POST Data: Array
(
)

Total announcements found: 7


2026-01-03 13:43:30 - Page Loaded
User ID: 1
Request Method: GET
POST Data: Array
(
)

✅ AUTO CLEANUP: 3 expired announcements soft deleted
Total announcements found: 4


2026-01-03 13:43:45 - Page Loaded
User ID: 1
Request Method: GET
POST Data: Array
(
)

Total announcements found: 4


2026-01-03 13:43:52 - Page Loaded
User ID: 1
Request Method: GET
POST Data: Array
(
)

Total announcements found: 4


2026-01-03 13:44:37 - Page Loaded
User ID: 1
Request Method: POST
POST Data: Array
(
    [title] => baru
    [content] => baru
    [type] => emergency
    [priority] => high
    [publish_date] => 2026-01-03T13:45
    [expire_date] => 2026-01-03T13:46
    [is_published] => 1
)


=== CREATE ANNOUNCEMENT TRIGGERED ===
Title: baru
Content: baru
Image uploaded: uploads/announcements/announcement_1767422677_6958bad5b3e4c.png
SQL Prepared
Parameters bound
Execute result: TRUE
Last Insert ID: 15
SUCCESS - Announcement ID: 15


2026-01-03 13:44:37 - Page Loaded
User ID: 1
Request Method: GET
POST Data: Array
(
)

Total announcements found: 5


2026-01-03 13:44:45 - Page Loaded
User ID: 1
Request Method: GET
POST Data: Array
(
)

Total announcements found: 5


2026-01-03 13:45:54 - Page Loaded
User ID: 1
Request Method: GET
POST Data: Array
(
)

Total announcements found: 5


2026-01-03 13:46:04 - Page Loaded
User ID: 1
Request Method: GET
POST Data: Array
(
)

✅ AUTO CLEANUP: 1 expired announcements soft deleted
Total announcements found: 4


2026-01-03 13:46:09 - Page Loaded
User ID: 1
Request Method: GET
POST Data: Array
(
)

Total announcements found: 5


2026-01-03 13:55:15 - Page Loaded


2026-01-03 14:08:27 - Page Loaded
User ID: 1
Request Method: GET
POST Data: Array
(
)

Total announcements found: 4


2026-01-03 14:08:46 - Page Loaded
User ID: 1
Request Method: GET
POST Data: Array
(
)

SOFT DELETE ANNOUNCEMENT TRIGGERED
SUCCESS - Soft deleted announcement ID: 10


2026-01-03 14:08:47 - Page Loaded
User ID: 1
Request Method: GET
POST Data: Array
(
)

Total announcements found: 3


2026-01-03 14:09:09 - Page Loaded
User ID: 1
Request Method: POST
POST Data: Array
(
    [title] => boom
    [content] => boom
    [type] => general
    [priority] => urgent
    [publish_date] => 2026-01-03T14:08
    [expire_date] => 2026-01-23T14:09
    [is_published] => 1
)


=== CREATE ANNOUNCEMENT TRIGGERED ===
Title: boom
Content: boom
Image uploaded: uploads/announcements/announcement_1767424149_6958c095955a7.png
SQL Prepared
Parameters bound
Execute result: TRUE
Last Insert ID: 16
SUCCESS - Announcement ID: 16


2026-01-03 14:09:09 - Page Loaded
User ID: 1
Request Method: GET
POST Data: Array
(
)

Total announcements found: 4


2026-01-03 14:51:48 - Page Loaded
User ID: 1
Request Method: GET
POST Data: Array
(
)

Total announcements found: 4


2026-01-03 14:52:16 - Page Loaded
User ID: 1
Request Method: POST
POST Data: Array
(
    [title] => adminnnnnnn
    [content] => adminnnnnnnnnnnnnnnnnnn
    [type] => general
    [priority] => normal
    [publish_date] => 2026-01-03T14:51
    [expire_date] => 2026-01-23T14:52
    [is_published] => 1
)


=== CREATE ANNOUNCEMENT TRIGGERED ===
Title: adminnnnnnn
Content: adminnnnnnnnnnnnnnnnnnn
Image uploaded: uploads/announcements/announcement_1767426736_6958cab058463.png
SQL Prepared
Parameters bound
Execute result: TRUE
Last Insert ID: 17
SUCCESS - Announcement ID: 17


2026-01-03 14:52:16 - Page Loaded
User ID: 1
Request Method: GET
POST Data: Array
(
)

Total announcements found: 5


2026-01-03 14:53:13 - Page Loaded
User ID: 1
Request Method: GET
POST Data: Array
(
)

Total announcements found: 5


2026-01-03 14:53:25 - Page Loaded
User ID: 1
Request Method: GET
POST Data: Array
(
)

Total announcements found: 5


2026-01-03 14:53:33 - Page Loaded
User ID: 1
Request Method: POST
POST Data: Array
(
    [announcement_id] => 17
    [remove_image] => 0
    [title] => adminnnnnnn
    [content] => adminnnnnnnnnnnnnnnnnnn
    [type] => emergency
    [priority] => urgent
    [publish_date] => 2026-01-03T14:51
    [expire_date] => 2026-01-23T14:52
    [is_published] => 1
)


=== CREATE ANNOUNCEMENT TRIGGERED ===
Title: adminnnnnnn
Content: adminnnnnnnnnnnnnnnnnnn
SQL Prepared
Parameters bound
Execute result: TRUE
Last Insert ID: 18
SUCCESS - Announcement ID: 18


2026-01-03 14:53:33 - Page Loaded
User ID: 1
Request Method: GET
POST Data: Array
(
)

Total announcements found: 6


2026-01-04 15:03:01 - Page Loaded
User ID: 1
Request Method: GET
POST Data: Array
(
)

❌ AUTO CLEANUP ERROR: SQLSTATE[42S22]: Column not found: 1054 Unknown column 'deleted_at' in 'where clause'
FETCH ERROR: SQLSTATE[42S22]: Column not found: 1054 Unknown column 'a.deleted_at' in 'where clause'
